------------------------------------------------------------
Timing Analyzer Summary
------------------------------------------------------------

Type  : Slow 1100mV 85C Model Setup 'clk'
Slack : -5.292
TNS   : -143.342

Type  : Slow 1100mV 85C Model Setup 'move'
Slack : -1.473
TNS   : -11.780

Type  : Slow 1100mV 85C Model Hold 'clk'
Slack : 0.446
TNS   : 0.000

Type  : Slow 1100mV 85C Model Hold 'move'
Slack : 0.668
TNS   : 0.000

Type  : Slow 1100mV 85C Model Minimum Pulse Width 'clk'
Slack : -0.394
TNS   : -23.004

Type  : Slow 1100mV 85C Model Minimum Pulse Width 'move'
Slack : -0.394
TNS   : -4.276

Type  : Slow 1100mV 0C Model Setup 'clk'
Slack : -5.228
TNS   : -141.893

Type  : Slow 1100mV 0C Model Setup 'move'
Slack : -1.393
TNS   : -11.124

Type  : Slow 1100mV 0C Model Hold 'clk'
Slack : 0.456
TNS   : 0.000

Type  : Slow 1100mV 0C Model Hold 'move'
Slack : 0.647
TNS   : 0.000

Type  : Slow 1100mV 0C Model Minimum Pulse Width 'clk'
Slack : -0.394
TNS   : -24.925

Type  : Slow 1100mV 0C Model Minimum Pulse Width 'move'
Slack : -0.394
TNS   : -4.612

Type  : Fast 1100mV 85C Model Setup 'clk'
Slack : -2.514
TNS   : -63.699

Type  : Fast 1100mV 85C Model Setup 'move'
Slack : -0.424
TNS   : -3.380

Type  : Fast 1100mV 85C Model Hold 'clk'
Slack : 0.238
TNS   : 0.000

Type  : Fast 1100mV 85C Model Hold 'move'
Slack : 0.283
TNS   : 0.000

Type  : Fast 1100mV 85C Model Minimum Pulse Width 'move'
Slack : -0.088
TNS   : -0.696

Type  : Fast 1100mV 85C Model Minimum Pulse Width 'clk'
Slack : -0.085
TNS   : -3.611

Type  : Fast 1100mV 0C Model Setup 'clk'
Slack : -2.240
TNS   : -56.354

Type  : Fast 1100mV 0C Model Setup 'move'
Slack : -0.285
TNS   : -2.280

Type  : Fast 1100mV 0C Model Hold 'move'
Slack : 0.192
TNS   : 0.000

Type  : Fast 1100mV 0C Model Hold 'clk'
Slack : 0.229
TNS   : 0.000

Type  : Fast 1100mV 0C Model Minimum Pulse Width 'clk'
Slack : -0.085
TNS   : -3.640

Type  : Fast 1100mV 0C Model Minimum Pulse Width 'move'
Slack : -0.085
TNS   : -0.668

------------------------------------------------------------
