Flow report for Experimento
Tue May  3 21:09:25 2022
Quartus Prime Version 21.1.0 Build 842 10/21/2021 SJ Lite Edition


---------------------
; Table of Contents ;
---------------------
  1. Legal Notice
  2. Flow Summary
  3. Flow Settings
  4. Flow Non-Default Global Settings
  5. Flow Elapsed Time
  6. Flow OS Summary
  7. Flow Log
  8. Flow Messages
  9. Flow Suppressed Messages



----------------
; Legal Notice ;
----------------
Copyright (C) 2021  Intel Corporation. All rights reserved.
Your use of Intel Corporation's design tools, logic functions 
and other software and tools, and any partner logic 
functions, and any output files from any of the foregoing 
(including device programming or simulation files), and any 
associated documentation or information are expressly subject 
to the terms and conditions of the Intel Program License 
Subscription Agreement, the Intel Quartus Prime License Agreement,
the Intel FPGA IP License Agreement, or other applicable license
agreement, including, without limitation, that your use is for
the sole purpose of programming logic devices manufactured by
Intel and sold by Intel or its authorized distributors.  Please
refer to the applicable agreement for further details, at
https://fpgasoftware.intel.com/eula.



+-------------------------------------------------------------------------------+
; Flow Summary                                                                  ;
+---------------------------------+---------------------------------------------+
; Flow Status                     ; Successful - Tue May  3 21:09:25 2022       ;
; Quartus Prime Version           ; 21.1.0 Build 842 10/21/2021 SJ Lite Edition ;
; Revision Name                   ; Experimento                                 ;
; Top-level Entity Name           ; main                                        ;
; Family                          ; Cyclone V                                   ;
; Device                          ; 5CSEMA5F31C6                                ;
; Timing Models                   ; Final                                       ;
; Logic utilization (in ALMs)     ; 194 / 32,070 ( < 1 % )                      ;
; Total registers                 ; 118                                         ;
; Total pins                      ; 45 / 457 ( 10 % )                           ;
; Total virtual pins              ; 0                                           ;
; Total block memory bits         ; 0 / 4,065,280 ( 0 % )                       ;
; Total DSP Blocks                ; 0 / 87 ( 0 % )                              ;
; Total HSSI RX PCSs              ; 0                                           ;
; Total HSSI PMA RX Deserializers ; 0                                           ;
; Total HSSI TX PCSs              ; 0                                           ;
; Total HSSI PMA TX Serializers   ; 0                                           ;
; Total PLLs                      ; 0 / 6 ( 0 % )                               ;
; Total DLLs                      ; 0 / 4 ( 0 % )                               ;
+---------------------------------+---------------------------------------------+


+-----------------------------------------+
; Flow Settings                           ;
+-------------------+---------------------+
; Option            ; Setting             ;
+-------------------+---------------------+
; Start date & time ; 05/03/2022 21:08:14 ;
; Main task         ; Compilation         ;
; Revision Name     ; Experimento         ;
+-------------------+---------------------+


+-------------------------------------------------------------------------------------------------------------------------------------------------+
; Flow Non-Default Global Settings                                                                                                                ;
+--------------------------------------+----------------------------------------+---------------+-------------+-----------------------------------+
; Assignment Name                      ; Value                                  ; Default Value ; Entity Name ; Section Id                        ;
+--------------------------------------+----------------------------------------+---------------+-------------+-----------------------------------+
; COMPILER_SIGNATURE_ID                ; 49410870398142.165163369401132         ; --            ; --          ; --                                ;
; EDA_DESIGN_INSTANCE_NAME             ; NA                                     ; --            ; --          ; moveTest                          ;
; EDA_DESIGN_INSTANCE_NAME             ; NA                                     ; --            ; --          ; memoryTest                        ;
; EDA_DESIGN_INSTANCE_NAME             ; NA                                     ; --            ; --          ; vgaTest                           ;
; EDA_DESIGN_INSTANCE_NAME             ; NA                                     ; --            ; --          ; debounceTest                      ;
; EDA_DESIGN_INSTANCE_NAME             ; NA                                     ; --            ; --          ; turnTest                          ;
; EDA_DESIGN_INSTANCE_NAME             ; NA                                     ; --            ; --          ; b2wTest                           ;
; EDA_DESIGN_INSTANCE_NAME             ; NA                                     ; --            ; --          ; casillaTest                       ;
; EDA_GENERATE_FUNCTIONAL_NETLIST      ; Off                                    ; --            ; --          ; eda_board_design_timing           ;
; EDA_GENERATE_FUNCTIONAL_NETLIST      ; Off                                    ; --            ; --          ; eda_board_design_boundary_scan    ;
; EDA_GENERATE_FUNCTIONAL_NETLIST      ; Off                                    ; --            ; --          ; eda_board_design_signal_integrity ;
; EDA_GENERATE_FUNCTIONAL_NETLIST      ; Off                                    ; --            ; --          ; eda_board_design_symbol           ;
; EDA_NATIVELINK_SIMULATION_TEST_BENCH ; debounceTest                           ; --            ; --          ; eda_simulation                    ;
; EDA_OUTPUT_DATA_FORMAT               ; Systemverilog Hdl                      ; --            ; --          ; eda_simulation                    ;
; EDA_SIMULATION_TOOL                  ; ModelSim (SystemVerilog)               ; <None>        ; --          ; --                                ;
; EDA_TEST_BENCH_ENABLE_STATUS         ; TEST_BENCH_MODE                        ; --            ; --          ; eda_simulation                    ;
; EDA_TEST_BENCH_FILE                  ; moveTest.sv                            ; --            ; --          ; moveTest                          ;
; EDA_TEST_BENCH_FILE                  ; memoryGameTest.sv                      ; --            ; --          ; memoryTest                        ;
; EDA_TEST_BENCH_FILE                  ; VGAtest.sv                             ; --            ; --          ; vgaTest                           ;
; EDA_TEST_BENCH_FILE                  ; debounceTest.sv                        ; --            ; --          ; debounceTest                      ;
; EDA_TEST_BENCH_FILE                  ; turnTest.sv                            ; --            ; --          ; turnTest                          ;
; EDA_TEST_BENCH_FILE                  ; backToWhiteTest.sv                     ; --            ; --          ; b2wTest                           ;
; EDA_TEST_BENCH_FILE                  ; casillaTest.sv                         ; --            ; --          ; casillaTest                       ;
; EDA_TEST_BENCH_MODULE_NAME           ; moveTest                               ; --            ; --          ; moveTest                          ;
; EDA_TEST_BENCH_MODULE_NAME           ; memoryTest                             ; --            ; --          ; memoryTest                        ;
; EDA_TEST_BENCH_MODULE_NAME           ; vgaTest                                ; --            ; --          ; vgaTest                           ;
; EDA_TEST_BENCH_MODULE_NAME           ; debounceTest                           ; --            ; --          ; debounceTest                      ;
; EDA_TEST_BENCH_MODULE_NAME           ; turnTest                               ; --            ; --          ; turnTest                          ;
; EDA_TEST_BENCH_MODULE_NAME           ; b2wTest                                ; --            ; --          ; b2wTest                           ;
; EDA_TEST_BENCH_MODULE_NAME           ; casillaTest                            ; --            ; --          ; casillaTest                       ;
; EDA_TEST_BENCH_NAME                  ; vgaTest                                ; --            ; --          ; eda_simulation                    ;
; EDA_TEST_BENCH_NAME                  ; casillaTest                            ; --            ; --          ; eda_simulation                    ;
; EDA_TEST_BENCH_NAME                  ; moveTest                               ; --            ; --          ; eda_simulation                    ;
; EDA_TEST_BENCH_NAME                  ; memoryTest                             ; --            ; --          ; eda_simulation                    ;
; EDA_TEST_BENCH_NAME                  ; turnTest                               ; --            ; --          ; eda_simulation                    ;
; EDA_TEST_BENCH_NAME                  ; b2wTest                                ; --            ; --          ; eda_simulation                    ;
; EDA_TEST_BENCH_NAME                  ; debounceTest                           ; --            ; --          ; eda_simulation                    ;
; EDA_TIME_SCALE                       ; 1 ps                                   ; --            ; --          ; eda_simulation                    ;
; MAX_CORE_JUNCTION_TEMP               ; 85                                     ; --            ; --          ; --                                ;
; MIN_CORE_JUNCTION_TEMP               ; 0                                      ; --            ; --          ; --                                ;
; PARTITION_COLOR                      ; -- (Not supported for targeted family) ; --            ; main        ; Top                               ;
; PARTITION_FITTER_PRESERVATION_LEVEL  ; -- (Not supported for targeted family) ; --            ; main        ; Top                               ;
; PARTITION_NETLIST_TYPE               ; -- (Not supported for targeted family) ; --            ; main        ; Top                               ;
; POWER_BOARD_THERMAL_MODEL            ; None (CONSERVATIVE)                    ; --            ; --          ; --                                ;
; POWER_PRESET_COOLING_SOLUTION        ; 23 MM HEAT SINK WITH 200 LFPM AIRFLOW  ; --            ; --          ; --                                ;
; PROJECT_OUTPUT_DIRECTORY             ; output_files                           ; --            ; --          ; --                                ;
; TOP_LEVEL_ENTITY                     ; main                                   ; Experimento   ; --          ; --                                ;
+--------------------------------------+----------------------------------------+---------------+-------------+-----------------------------------+


+--------------------------------------------------------------------------------------------------------------------------+
; Flow Elapsed Time                                                                                                        ;
+----------------------+--------------+-------------------------+---------------------+------------------------------------+
; Module Name          ; Elapsed Time ; Average Processors Used ; Peak Virtual Memory ; Total CPU Time (on all processors) ;
+----------------------+--------------+-------------------------+---------------------+------------------------------------+
; Analysis & Synthesis ; 00:00:06     ; 1.0                     ; 4877 MB             ; 00:00:12                           ;
; Fitter               ; 00:00:53     ; 1.0                     ; 7321 MB             ; 00:03:39                           ;
; Assembler            ; 00:00:04     ; 1.0                     ; 4875 MB             ; 00:00:04                           ;
; Timing Analyzer      ; 00:00:04     ; 1.5                     ; 5266 MB             ; 00:00:05                           ;
; EDA Netlist Writer   ; 00:00:01     ; 1.0                     ; 4729 MB             ; 00:00:01                           ;
; Total                ; 00:01:08     ; --                      ; --                  ; 00:04:01                           ;
+----------------------+--------------+-------------------------+---------------------+------------------------------------+


+------------------------------------------------------------------------------------+
; Flow OS Summary                                                                    ;
+----------------------+------------------+------------+------------+----------------+
; Module Name          ; Machine Hostname ; OS Name    ; OS Version ; Processor type ;
+----------------------+------------------+------------+------------+----------------+
; Analysis & Synthesis ; DESKTOP-FOUQTL8  ; Windows 10 ; 10.0       ; x86_64         ;
; Fitter               ; DESKTOP-FOUQTL8  ; Windows 10 ; 10.0       ; x86_64         ;
; Assembler            ; DESKTOP-FOUQTL8  ; Windows 10 ; 10.0       ; x86_64         ;
; Timing Analyzer      ; DESKTOP-FOUQTL8  ; Windows 10 ; 10.0       ; x86_64         ;
; EDA Netlist Writer   ; DESKTOP-FOUQTL8  ; Windows 10 ; 10.0       ; x86_64         ;
+----------------------+------------------+------------+------------+----------------+


------------
; Flow Log ;
------------
quartus_map --read_settings_files=on --write_settings_files=off Experimento -c Experimento
quartus_fit --read_settings_files=off --write_settings_files=off Experimento -c Experimento
quartus_asm --read_settings_files=off --write_settings_files=off Experimento -c Experimento
quartus_sta Experimento -c Experimento
quartus_eda --read_settings_files=off --write_settings_files=off Experimento -c Experimento



