Analysis & Synthesis report for Experimento
Tue May  3 17:10:37 2022
Quartus Prime Version 21.1.0 Build 842 10/21/2021 SJ Lite Edition


---------------------
; Table of Contents ;
---------------------
  1. Legal Notice
  2. Analysis & Synthesis Summary
  3. Analysis & Synthesis Settings
  4. Parallel Compilation
  5. Analysis & Synthesis Source Files Read
  6. Analysis & Synthesis Resource Usage Summary
  7. Analysis & Synthesis Resource Utilization by Entity
  8. State Machine - |main|move:utt|MemoryGame:game|estadoActual
  9. Registers Removed During Synthesis
 10. Removed Registers Triggering Further Register Optimizations
 11. General Register Statistics
 12. Multiplexer Restructuring Statistics (Restructuring Performed)
 13. Parameter Settings for User Entity Instance: dividerClock:cmh
 14. Port Connectivity Checks: "move:utt|emptyC:eC"
 15. Port Connectivity Checks: "move:utt|casilla:ca16"
 16. Port Connectivity Checks: "move:utt|casilla:ca15"
 17. Port Connectivity Checks: "move:utt|casilla:ca14"
 18. Port Connectivity Checks: "move:utt|casilla:ca13"
 19. Port Connectivity Checks: "move:utt|casilla:ca12"
 20. Port Connectivity Checks: "move:utt|casilla:ca11"
 21. Port Connectivity Checks: "move:utt|casilla:ca10"
 22. Port Connectivity Checks: "move:utt|casilla:ca9"
 23. Port Connectivity Checks: "move:utt|casilla:ca8"
 24. Port Connectivity Checks: "move:utt|casilla:ca7"
 25. Port Connectivity Checks: "move:utt|casilla:ca6"
 26. Port Connectivity Checks: "move:utt|casilla:ca5"
 27. Port Connectivity Checks: "move:utt|casilla:ca4"
 28. Port Connectivity Checks: "move:utt|casilla:ca3"
 29. Port Connectivity Checks: "move:utt|casilla:ca2"
 30. Port Connectivity Checks: "move:utt|casilla:ca1"
 31. Port Connectivity Checks: "move:utt"
 32. Port Connectivity Checks: "debounce:d_accpt"
 33. Port Connectivity Checks: "debounce:d_move"
 34. Post-Synthesis Netlist Statistics for Top Partition
 35. Elapsed Time Per Partition
 36. Analysis & Synthesis Messages
 37. Analysis & Synthesis Suppressed Messages



----------------
; Legal Notice ;
----------------
Copyright (C) 2021  Intel Corporation. All rights reserved.
Your use of Intel Corporation's design tools, logic functions 
and other software and tools, and any partner logic 
functions, and any output files from any of the foregoing 
(including device programming or simulation files), and any 
associated documentation or information are expressly subject 
to the terms and conditions of the Intel Program License 
Subscription Agreement, the Intel Quartus Prime License Agreement,
the Intel FPGA IP License Agreement, or other applicable license
agreement, including, without limitation, that your use is for
the sole purpose of programming logic devices manufactured by
Intel and sold by Intel or its authorized distributors.  Please
refer to the applicable agreement for further details, at
https://fpgasoftware.intel.com/eula.



+-------------------------------------------------------------------------------+
; Analysis & Synthesis Summary                                                  ;
+---------------------------------+---------------------------------------------+
; Analysis & Synthesis Status     ; Successful - Tue May  3 17:10:37 2022       ;
; Quartus Prime Version           ; 21.1.0 Build 842 10/21/2021 SJ Lite Edition ;
; Revision Name                   ; Experimento                                 ;
; Top-level Entity Name           ; main                                        ;
; Family                          ; Cyclone V                                   ;
; Logic utilization (in ALMs)     ; N/A                                         ;
; Total registers                 ; 104                                         ;
; Total pins                      ; 45                                          ;
; Total virtual pins              ; 0                                           ;
; Total block memory bits         ; 0                                           ;
; Total DSP Blocks                ; 0                                           ;
; Total HSSI RX PCSs              ; 0                                           ;
; Total HSSI PMA RX Deserializers ; 0                                           ;
; Total HSSI TX PCSs              ; 0                                           ;
; Total HSSI PMA TX Serializers   ; 0                                           ;
; Total PLLs                      ; 0                                           ;
; Total DLLs                      ; 0                                           ;
+---------------------------------+---------------------------------------------+


+---------------------------------------------------------------------------------------------------------------------------+
; Analysis & Synthesis Settings                                                                                             ;
+---------------------------------------------------------------------------------+--------------------+--------------------+
; Option                                                                          ; Setting            ; Default Value      ;
+---------------------------------------------------------------------------------+--------------------+--------------------+
; Device                                                                          ; 5CSEMA5F31C6       ;                    ;
; Top-level entity name                                                           ; main               ; Experimento        ;
; Family name                                                                     ; Cyclone V          ; Cyclone V          ;
; Use smart compilation                                                           ; Off                ; Off                ;
; Enable parallel Assembler and Timing Analyzer during compilation                ; On                 ; On                 ;
; Enable compact report table                                                     ; Off                ; Off                ;
; Restructure Multiplexers                                                        ; Auto               ; Auto               ;
; MLAB Add Timing Constraints For Mixed-Port Feed-Through Mode Setting Don't Care ; Off                ; Off                ;
; Create Debugging Nodes for IP Cores                                             ; Off                ; Off                ;
; Preserve fewer node names                                                       ; On                 ; On                 ;
; Intel FPGA IP Evaluation Mode                                                   ; Enable             ; Enable             ;
; Verilog Version                                                                 ; Verilog_2001       ; Verilog_2001       ;
; VHDL Version                                                                    ; VHDL_1993          ; VHDL_1993          ;
; State Machine Processing                                                        ; Auto               ; Auto               ;
; Safe State Machine                                                              ; Off                ; Off                ;
; Extract Verilog State Machines                                                  ; On                 ; On                 ;
; Extract VHDL State Machines                                                     ; On                 ; On                 ;
; Ignore Verilog initial constructs                                               ; Off                ; Off                ;
; Iteration limit for constant Verilog loops                                      ; 5000               ; 5000               ;
; Iteration limit for non-constant Verilog loops                                  ; 250                ; 250                ;
; Add Pass-Through Logic to Inferred RAMs                                         ; On                 ; On                 ;
; Infer RAMs from Raw Logic                                                       ; On                 ; On                 ;
; Parallel Synthesis                                                              ; On                 ; On                 ;
; DSP Block Balancing                                                             ; Auto               ; Auto               ;
; NOT Gate Push-Back                                                              ; On                 ; On                 ;
; Power-Up Don't Care                                                             ; On                 ; On                 ;
; Remove Redundant Logic Cells                                                    ; Off                ; Off                ;
; Remove Duplicate Registers                                                      ; On                 ; On                 ;
; Ignore CARRY Buffers                                                            ; Off                ; Off                ;
; Ignore CASCADE Buffers                                                          ; Off                ; Off                ;
; Ignore GLOBAL Buffers                                                           ; Off                ; Off                ;
; Ignore ROW GLOBAL Buffers                                                       ; Off                ; Off                ;
; Ignore LCELL Buffers                                                            ; Off                ; Off                ;
; Ignore SOFT Buffers                                                             ; On                 ; On                 ;
; Limit AHDL Integers to 32 Bits                                                  ; Off                ; Off                ;
; Optimization Technique                                                          ; Balanced           ; Balanced           ;
; Carry Chain Length                                                              ; 70                 ; 70                 ;
; Auto Carry Chains                                                               ; On                 ; On                 ;
; Auto Open-Drain Pins                                                            ; On                 ; On                 ;
; Perform WYSIWYG Primitive Resynthesis                                           ; Off                ; Off                ;
; Auto ROM Replacement                                                            ; On                 ; On                 ;
; Auto RAM Replacement                                                            ; On                 ; On                 ;
; Auto DSP Block Replacement                                                      ; On                 ; On                 ;
; Auto Shift Register Replacement                                                 ; Auto               ; Auto               ;
; Allow Shift Register Merging across Hierarchies                                 ; Auto               ; Auto               ;
; Auto Clock Enable Replacement                                                   ; On                 ; On                 ;
; Strict RAM Replacement                                                          ; Off                ; Off                ;
; Allow Synchronous Control Signals                                               ; On                 ; On                 ;
; Force Use of Synchronous Clear Signals                                          ; Off                ; Off                ;
; Auto Resource Sharing                                                           ; Off                ; Off                ;
; Allow Any RAM Size For Recognition                                              ; Off                ; Off                ;
; Allow Any ROM Size For Recognition                                              ; Off                ; Off                ;
; Allow Any Shift Register Size For Recognition                                   ; Off                ; Off                ;
; Use LogicLock Constraints during Resource Balancing                             ; On                 ; On                 ;
; Ignore translate_off and synthesis_off directives                               ; Off                ; Off                ;
; Timing-Driven Synthesis                                                         ; On                 ; On                 ;
; Report Parameter Settings                                                       ; On                 ; On                 ;
; Report Source Assignments                                                       ; On                 ; On                 ;
; Report Connectivity Checks                                                      ; On                 ; On                 ;
; Ignore Maximum Fan-Out Assignments                                              ; Off                ; Off                ;
; Synchronization Register Chain Length                                           ; 3                  ; 3                  ;
; Power Optimization During Synthesis                                             ; Normal compilation ; Normal compilation ;
; HDL message level                                                               ; Level2             ; Level2             ;
; Suppress Register Optimization Related Messages                                 ; Off                ; Off                ;
; Number of Removed Registers Reported in Synthesis Report                        ; 5000               ; 5000               ;
; Number of Swept Nodes Reported in Synthesis Report                              ; 5000               ; 5000               ;
; Number of Inverted Registers Reported in Synthesis Report                       ; 100                ; 100                ;
; Clock MUX Protection                                                            ; On                 ; On                 ;
; Auto Gated Clock Conversion                                                     ; Off                ; Off                ;
; Block Design Naming                                                             ; Auto               ; Auto               ;
; SDC constraint protection                                                       ; Off                ; Off                ;
; Synthesis Effort                                                                ; Auto               ; Auto               ;
; Shift Register Replacement - Allow Asynchronous Clear Signal                    ; On                 ; On                 ;
; Pre-Mapping Resynthesis Optimization                                            ; Off                ; Off                ;
; Analysis & Synthesis Message Level                                              ; Medium             ; Medium             ;
; Disable Register Merging Across Hierarchies                                     ; Auto               ; Auto               ;
; Resource Aware Inference For Block RAM                                          ; On                 ; On                 ;
; Automatic Parallel Synthesis                                                    ; On                 ; On                 ;
; Partial Reconfiguration Bitstream ID                                            ; Off                ; Off                ;
+---------------------------------------------------------------------------------+--------------------+--------------------+


+------------------------------------------+
; Parallel Compilation                     ;
+----------------------------+-------------+
; Processors                 ; Number      ;
+----------------------------+-------------+
; Number detected on machine ; 4           ;
; Maximum allowed            ; 2           ;
;                            ;             ;
; Average used               ; 1.00        ;
; Maximum used               ; 2           ;
;                            ;             ;
; Usage by Processor         ; % Time Used ;
;     Processor 1            ; 100.0%      ;
;     Processor 2            ;   0.0%      ;
+----------------------------+-------------+


+-------------------------------------------------------------------------------------------------------------------------------------------------------------------------------------------+
; Analysis & Synthesis Source Files Read                                                                                                                                                    ;
+----------------------------------+-----------------+------------------------------+---------------------------------------------------------------------------------------------+---------+
; File Name with User-Entered Path ; Used in Netlist ; File Type                    ; File Name with Absolute Path                                                                ; Library ;
+----------------------------------+-----------------+------------------------------+---------------------------------------------------------------------------------------------+---------+
; MemoryGame.sv                    ; yes             ; User SystemVerilog HDL File  ; C:/Users/MartinPC/Documents/Semestre 1 - 2022/Taller/LAB 4/LABORATORIO-4-DD/MemoryGame.sv   ;         ;
; dividerClock.sv                  ; yes             ; User SystemVerilog HDL File  ; C:/Users/MartinPC/Documents/Semestre 1 - 2022/Taller/LAB 4/LABORATORIO-4-DD/dividerClock.sv ;         ;
; casilla.sv                       ; yes             ; User SystemVerilog HDL File  ; C:/Users/MartinPC/Documents/Semestre 1 - 2022/Taller/LAB 4/LABORATORIO-4-DD/casilla.sv      ;         ;
; move.sv                          ; yes             ; User SystemVerilog HDL File  ; C:/Users/MartinPC/Documents/Semestre 1 - 2022/Taller/LAB 4/LABORATORIO-4-DD/move.sv         ;         ;
; memTurn.sv                       ; yes             ; User SystemVerilog HDL File  ; C:/Users/MartinPC/Documents/Semestre 1 - 2022/Taller/LAB 4/LABORATORIO-4-DD/memTurn.sv      ;         ;
; emptyC.sv                        ; yes             ; User SystemVerilog HDL File  ; C:/Users/MartinPC/Documents/Semestre 1 - 2022/Taller/LAB 4/LABORATORIO-4-DD/emptyC.sv       ;         ;
; stateMux.sv                      ; yes             ; User SystemVerilog HDL File  ; C:/Users/MartinPC/Documents/Semestre 1 - 2022/Taller/LAB 4/LABORATORIO-4-DD/stateMux.sv     ;         ;
; backToWhite.sv                   ; yes             ; User SystemVerilog HDL File  ; C:/Users/MartinPC/Documents/Semestre 1 - 2022/Taller/LAB 4/LABORATORIO-4-DD/backToWhite.sv  ;         ;
; main.sv                          ; yes             ; User SystemVerilog HDL File  ; C:/Users/MartinPC/Documents/Semestre 1 - 2022/Taller/LAB 4/LABORATORIO-4-DD/main.sv         ;         ;
; deco1a7.sv                       ; yes             ; User SystemVerilog HDL File  ; C:/Users/MartinPC/Documents/Semestre 1 - 2022/Taller/LAB 4/LABORATORIO-4-DD/deco1a7.sv      ;         ;
; debounce.sv                      ; yes             ; User SystemVerilog HDL File  ; C:/Users/MartinPC/Documents/Semestre 1 - 2022/Taller/LAB 4/LABORATORIO-4-DD/debounce.sv     ;         ;
; deco.sv                          ; yes             ; User SystemVerilog HDL File  ; C:/Users/MartinPC/Documents/Semestre 1 - 2022/Taller/LAB 4/LABORATORIO-4-DD/deco.sv         ;         ;
; machine.sv                       ; yes             ; User SystemVerilog HDL File  ; C:/Users/MartinPC/Documents/Semestre 1 - 2022/Taller/LAB 4/LABORATORIO-4-DD/machine.sv      ;         ;
+----------------------------------+-----------------+------------------------------+---------------------------------------------------------------------------------------------+---------+


+---------------------------------------------------------+
; Analysis & Synthesis Resource Usage Summary             ;
+---------------------------------------------+-----------+
; Resource                                    ; Usage     ;
+---------------------------------------------+-----------+
; Estimate of Logic utilization (ALMs needed) ; 148       ;
;                                             ;           ;
; Combinational ALUT usage for logic          ; 241       ;
;     -- 7 input functions                    ; 0         ;
;     -- 6 input functions                    ; 55        ;
;     -- 5 input functions                    ; 55        ;
;     -- 4 input functions                    ; 23        ;
;     -- <=3 input functions                  ; 108       ;
;                                             ;           ;
; Dedicated logic registers                   ; 104       ;
;                                             ;           ;
; I/O pins                                    ; 45        ;
;                                             ;           ;
; Total DSP Blocks                            ; 0         ;
;                                             ;           ;
; Maximum fan-out node                        ; rst~input ;
; Maximum fan-out                             ; 71        ;
; Total fan-out                               ; 1360      ;
; Average fan-out                             ; 3.13      ;
+---------------------------------------------+-----------+


+----------------------------------------------------------------------------------------------------------------------------------------------------------------------------------------------------+
; Analysis & Synthesis Resource Utilization by Entity                                                                                                                                                ;
+----------------------------+---------------------+---------------------------+-------------------+------------+------+--------------+--------------------------------+--------------+--------------+
; Compilation Hierarchy Node ; Combinational ALUTs ; Dedicated Logic Registers ; Block Memory Bits ; DSP Blocks ; Pins ; Virtual Pins ; Full Hierarchy Name            ; Entity Name  ; Library Name ;
+----------------------------+---------------------+---------------------------+-------------------+------------+------+--------------+--------------------------------+--------------+--------------+
; |main                      ; 241 (0)             ; 104 (0)                   ; 0                 ; 0          ; 45   ; 0            ; |main                          ; main         ; work         ;
;    |deco1a7:d1|            ; 3 (3)               ; 0 (0)                     ; 0                 ; 0          ; 0    ; 0            ; |main|deco1a7:d1               ; deco1a7      ; work         ;
;    |deco:d2|               ; 5 (5)               ; 0 (0)                     ; 0                 ; 0          ; 0    ; 0            ; |main|deco:d2                  ; deco         ; work         ;
;    |dividerClock:cmh|      ; 42 (42)             ; 29 (29)                   ; 0                 ; 0          ; 0    ; 0            ; |main|dividerClock:cmh         ; dividerClock ; work         ;
;    |machine:prueba|        ; 3 (3)               ; 3 (3)                     ; 0                 ; 0          ; 0    ; 0            ; |main|machine:prueba           ; machine      ; work         ;
;    |move:utt|              ; 188 (19)            ; 72 (8)                    ; 0                 ; 0          ; 0    ; 0            ; |main|move:utt                 ; move         ; work         ;
;       |MemoryGame:game|    ; 3 (3)               ; 2 (2)                     ; 0                 ; 0          ; 0    ; 0            ; |main|move:utt|MemoryGame:game ; MemoryGame   ; work         ;
;       |casilla:ca10|       ; 1 (1)               ; 2 (2)                     ; 0                 ; 0          ; 0    ; 0            ; |main|move:utt|casilla:ca10    ; casilla      ; work         ;
;       |casilla:ca11|       ; 2 (2)               ; 2 (2)                     ; 0                 ; 0          ; 0    ; 0            ; |main|move:utt|casilla:ca11    ; casilla      ; work         ;
;       |casilla:ca12|       ; 1 (1)               ; 2 (2)                     ; 0                 ; 0          ; 0    ; 0            ; |main|move:utt|casilla:ca12    ; casilla      ; work         ;
;       |casilla:ca13|       ; 1 (1)               ; 2 (2)                     ; 0                 ; 0          ; 0    ; 0            ; |main|move:utt|casilla:ca13    ; casilla      ; work         ;
;       |casilla:ca14|       ; 1 (1)               ; 2 (2)                     ; 0                 ; 0          ; 0    ; 0            ; |main|move:utt|casilla:ca14    ; casilla      ; work         ;
;       |casilla:ca15|       ; 1 (1)               ; 2 (2)                     ; 0                 ; 0          ; 0    ; 0            ; |main|move:utt|casilla:ca15    ; casilla      ; work         ;
;       |casilla:ca16|       ; 1 (1)               ; 2 (2)                     ; 0                 ; 0          ; 0    ; 0            ; |main|move:utt|casilla:ca16    ; casilla      ; work         ;
;       |casilla:ca1|        ; 2 (2)               ; 2 (2)                     ; 0                 ; 0          ; 0    ; 0            ; |main|move:utt|casilla:ca1     ; casilla      ; work         ;
;       |casilla:ca2|        ; 1 (1)               ; 2 (2)                     ; 0                 ; 0          ; 0    ; 0            ; |main|move:utt|casilla:ca2     ; casilla      ; work         ;
;       |casilla:ca3|        ; 1 (1)               ; 2 (2)                     ; 0                 ; 0          ; 0    ; 0            ; |main|move:utt|casilla:ca3     ; casilla      ; work         ;
;       |casilla:ca4|        ; 1 (1)               ; 2 (2)                     ; 0                 ; 0          ; 0    ; 0            ; |main|move:utt|casilla:ca4     ; casilla      ; work         ;
;       |casilla:ca5|        ; 1 (1)               ; 2 (2)                     ; 0                 ; 0          ; 0    ; 0            ; |main|move:utt|casilla:ca5     ; casilla      ; work         ;
;       |casilla:ca6|        ; 2 (2)               ; 2 (2)                     ; 0                 ; 0          ; 0    ; 0            ; |main|move:utt|casilla:ca6     ; casilla      ; work         ;
;       |casilla:ca7|        ; 4 (4)               ; 2 (2)                     ; 0                 ; 0          ; 0    ; 0            ; |main|move:utt|casilla:ca7     ; casilla      ; work         ;
;       |casilla:ca8|        ; 1 (1)               ; 2 (2)                     ; 0                 ; 0          ; 0    ; 0            ; |main|move:utt|casilla:ca8     ; casilla      ; work         ;
;       |casilla:ca9|        ; 2 (2)               ; 2 (2)                     ; 0                 ; 0          ; 0    ; 0            ; |main|move:utt|casilla:ca9     ; casilla      ; work         ;
;       |emptyC:eC|          ; 82 (82)             ; 0 (0)                     ; 0                 ; 0          ; 0    ; 0            ; |main|move:utt|emptyC:eC       ; emptyC       ; work         ;
;       |memTurn:mt|         ; 56 (56)             ; 30 (30)                   ; 0                 ; 0          ; 0    ; 0            ; |main|move:utt|memTurn:mt      ; memTurn      ; work         ;
;       |stateMux:st|        ; 5 (5)               ; 0 (0)                     ; 0                 ; 0          ; 0    ; 0            ; |main|move:utt|stateMux:st     ; stateMux     ; work         ;
+----------------------------+---------------------+---------------------------+-------------------+------------+------+--------------+--------------------------------+--------------+--------------+
Note: For table entries with two numbers listed, the numbers in parentheses indicate the number of resources of the given type used by the specific entity alone. The numbers listed outside of parentheses indicate the total resources of the given type used by the specific entity and all of its sub-entities in the hierarchy.


Encoding Type:  One-Hot
+-----------------------------------------------------------------------------------------------------------------+
; State Machine - |main|move:utt|MemoryGame:game|estadoActual                                                     ;
+------------------+------------------+------------------+------------------+------------------+------------------+
; Name             ; estadoActual.011 ; estadoActual.010 ; estadoActual.001 ; estadoActual.000 ; estadoActual.100 ;
+------------------+------------------+------------------+------------------+------------------+------------------+
; estadoActual.000 ; 0                ; 0                ; 0                ; 0                ; 0                ;
; estadoActual.001 ; 0                ; 0                ; 1                ; 1                ; 0                ;
; estadoActual.010 ; 0                ; 1                ; 0                ; 1                ; 0                ;
; estadoActual.011 ; 1                ; 0                ; 0                ; 1                ; 0                ;
; estadoActual.100 ; 0                ; 0                ; 0                ; 1                ; 1                ;
+------------------+------------------+------------------+------------------+------------------+------------------+


+-----------------------------------------------------------------------------------------------+
; Registers Removed During Synthesis                                                            ;
+-------------------------------------------+---------------------------------------------------+
; Register name                             ; Reason for Removal                                ;
+-------------------------------------------+---------------------------------------------------+
; machine:prueba|counter1[3..7]             ; Stuck at GND due to stuck port data_in            ;
; move:utt|casilla:ca1|actual_state[2,3]    ; Merged with move:utt|casilla:ca1|actual_state[1]  ;
; move:utt|casilla:ca2|actual_state[3]      ; Merged with move:utt|casilla:ca2|actual_state[2]  ;
; move:utt|casilla:ca2|actual_state[1]      ; Merged with move:utt|casilla:ca2|actual_state[0]  ;
; move:utt|casilla:ca3|actual_state[2,3]    ; Merged with move:utt|casilla:ca3|actual_state[0]  ;
; move:utt|casilla:ca4|actual_state[1,3]    ; Merged with move:utt|casilla:ca4|actual_state[0]  ;
; move:utt|casilla:ca6|actual_state[3]      ; Merged with move:utt|casilla:ca6|actual_state[0]  ;
; move:utt|casilla:ca6|actual_state[2]      ; Merged with move:utt|casilla:ca6|actual_state[1]  ;
; move:utt|casilla:ca7|actual_state[1,2]    ; Merged with move:utt|casilla:ca7|actual_state[0]  ;
; move:utt|casilla:ca8|actual_state[1,2]    ; Merged with move:utt|casilla:ca8|actual_state[0]  ;
; move:utt|casilla:ca15|actual_state[3]     ; Merged with move:utt|casilla:ca15|actual_state[1] ;
; move:utt|casilla:ca15|actual_state[2]     ; Merged with move:utt|casilla:ca15|actual_state[0] ;
; move:utt|casilla:ca16|actual_state[2,3]   ; Merged with move:utt|casilla:ca16|actual_state[0] ;
; move:utt|casilla:ca5|actual_state[3]      ; Merged with move:utt|casilla:ca5|actual_state[1]  ;
; move:utt|casilla:ca5|actual_state[2]      ; Merged with move:utt|casilla:ca5|actual_state[0]  ;
; move:utt|casilla:ca9|actual_state[3]      ; Merged with move:utt|casilla:ca9|actual_state[0]  ;
; move:utt|casilla:ca9|actual_state[2]      ; Merged with move:utt|casilla:ca9|actual_state[1]  ;
; move:utt|casilla:ca10|actual_state[3]     ; Merged with move:utt|casilla:ca10|actual_state[2] ;
; move:utt|casilla:ca10|actual_state[1]     ; Merged with move:utt|casilla:ca10|actual_state[0] ;
; move:utt|casilla:ca11|actual_state[1,2]   ; Merged with move:utt|casilla:ca11|actual_state[0] ;
; move:utt|casilla:ca12|actual_state[1,3]   ; Merged with move:utt|casilla:ca12|actual_state[0] ;
; move:utt|casilla:ca13|actual_state[1,2]   ; Merged with move:utt|casilla:ca13|actual_state[0] ;
; move:utt|casilla:ca14|actual_state[2,3]   ; Merged with move:utt|casilla:ca14|actual_state[1] ;
; move:utt|backToWhite:b2w|par1             ; Stuck at GND due to stuck port data_in            ;
; move:utt|backToWhite:b2w|par2             ; Stuck at GND due to stuck port data_in            ;
; move:utt|backToWhite:b2w|par3             ; Stuck at GND due to stuck port data_in            ;
; move:utt|backToWhite:b2w|par4             ; Stuck at GND due to stuck port data_in            ;
; move:utt|backToWhite:b2w|par5             ; Stuck at GND due to stuck port data_in            ;
; move:utt|backToWhite:b2w|par6             ; Stuck at GND due to stuck port data_in            ;
; move:utt|backToWhite:b2w|par7             ; Stuck at GND due to stuck port data_in            ;
; move:utt|backToWhite:b2w|par8             ; Stuck at GND due to stuck port data_in            ;
; move:utt|backToWhite:b2w|par9             ; Stuck at GND due to stuck port data_in            ;
; move:utt|backToWhite:b2w|par10            ; Stuck at GND due to stuck port data_in            ;
; move:utt|backToWhite:b2w|par11            ; Stuck at GND due to stuck port data_in            ;
; move:utt|backToWhite:b2w|par12            ; Stuck at GND due to stuck port data_in            ;
; move:utt|backToWhite:b2w|par13            ; Stuck at GND due to stuck port data_in            ;
; move:utt|backToWhite:b2w|par14            ; Stuck at GND due to stuck port data_in            ;
; move:utt|backToWhite:b2w|par15            ; Stuck at GND due to stuck port data_in            ;
; move:utt|backToWhite:b2w|par16            ; Stuck at GND due to stuck port data_in            ;
; move:utt|memTurn:mt|selected2[0..7]       ; Lost fanout                                       ;
; move:utt|memTurn:mt|selected1[0..7]       ; Lost fanout                                       ;
; move:utt|memTurn:mt|par                   ; Lost fanout                                       ;
; move:utt|MemoryGame:game|estadoActual~4   ; Lost fanout                                       ;
; move:utt|MemoryGame:game|estadoActual~5   ; Lost fanout                                       ;
; move:utt|MemoryGame:game|estadoActual.100 ; Lost fanout                                       ;
; move:utt|MemoryGame:game|estadoActual.010 ; Lost fanout                                       ;
; move:utt|MemoryGame:game|estadoActual.011 ; Lost fanout                                       ;
; Total Number of Removed Registers = 75    ;                                                   ;
+-------------------------------------------+---------------------------------------------------+


+-------------------------------------------------------------------------------------------------------------------------------------------+
; Removed Registers Triggering Further Register Optimizations                                                                               ;
+-----------------------------------------+---------------------------+---------------------------------------------------------------------+
; Register name                           ; Reason for Removal        ; Registers Removed due to This Register                              ;
+-----------------------------------------+---------------------------+---------------------------------------------------------------------+
; move:utt|backToWhite:b2w|par1           ; Stuck at GND              ; move:utt|memTurn:mt|selected2[7], move:utt|memTurn:mt|selected2[6], ;
;                                         ; due to stuck port data_in ; move:utt|memTurn:mt|selected2[5], move:utt|memTurn:mt|selected2[4], ;
;                                         ;                           ; move:utt|memTurn:mt|selected2[3], move:utt|memTurn:mt|selected1[7], ;
;                                         ;                           ; move:utt|memTurn:mt|selected1[6], move:utt|memTurn:mt|selected1[5], ;
;                                         ;                           ; move:utt|memTurn:mt|selected1[4], move:utt|memTurn:mt|selected1[3], ;
;                                         ;                           ; move:utt|memTurn:mt|selected1[2], move:utt|memTurn:mt|par           ;
; move:utt|MemoryGame:game|estadoActual~4 ; Lost Fanouts              ; move:utt|MemoryGame:game|estadoActual.011                           ;
; move:utt|MemoryGame:game|estadoActual~5 ; Lost Fanouts              ; move:utt|MemoryGame:game|estadoActual.010                           ;
+-----------------------------------------+---------------------------+---------------------------------------------------------------------+


+------------------------------------------------------+
; General Register Statistics                          ;
+----------------------------------------------+-------+
; Statistic                                    ; Value ;
+----------------------------------------------+-------+
; Total registers                              ; 104   ;
; Number of registers using Synchronous Clear  ; 44    ;
; Number of registers using Synchronous Load   ; 0     ;
; Number of registers using Asynchronous Clear ; 69    ;
; Number of registers using Asynchronous Load  ; 0     ;
; Number of registers using Clock Enable       ; 38    ;
; Number of registers using Preset             ; 0     ;
+----------------------------------------------+-------+


+--------------------------------------------------------------------------------------------------------------------------------------------------+
; Multiplexer Restructuring Statistics (Restructuring Performed)                                                                                   ;
+--------------------+-----------+---------------+----------------------+------------------------+------------+------------------------------------+
; Multiplexer Inputs ; Bus Width ; Baseline Area ; Area if Restructured ; Saving if Restructured ; Registered ; Example Multiplexer Output         ;
+--------------------+-----------+---------------+----------------------+------------------------+------------+------------------------------------+
; 17:1               ; 4 bits    ; 44 LEs        ; 44 LEs               ; 0 LEs                  ; No         ; |main|move:utt|emptyC:eC|Selector2 ;
+--------------------+-----------+---------------+----------------------+------------------------+------------+------------------------------------+


+-----------------------------------------------------------------+
; Parameter Settings for User Entity Instance: dividerClock:cmh   ;
+----------------+------------------------------+-----------------+
; Parameter Name ; Value                        ; Type            ;
+----------------+------------------------------+-----------------+
; DIVISOR        ; 0000100110001001011010000000 ; Unsigned Binary ;
+----------------+------------------------------+-----------------+
Note: In order to hide this table in the UI and the text report file, please set the "Show Parameter Settings in Synthesis Report" option in "Analysis and Synthesis Settings -> More Settings" to "Off".


+--------------------------------------------------------------------------------------------------------------------------------------+
; Port Connectivity Checks: "move:utt|emptyC:eC"                                                                                       ;
+-------+--------+----------+----------------------------------------------------------------------------------------------------------+
; Port  ; Type   ; Severity ; Details                                                                                                  ;
+-------+--------+----------+----------------------------------------------------------------------------------------------------------+
; state ; Output ; Warning  ; Declared by entity but not connected by instance. Logic that only feeds a dangling port will be removed. ;
+-------+--------+----------+----------------------------------------------------------------------------------------------------------+


+---------------------------------------------------+
; Port Connectivity Checks: "move:utt|casilla:ca16" ;
+-------------+-------+----------+------------------+
; Port        ; Type  ; Severity ; Details          ;
+-------------+-------+----------+------------------+
; label[3..2] ; Input ; Info     ; Stuck at GND     ;
; label[1]    ; Input ; Info     ; Stuck at VCC     ;
; label[0]    ; Input ; Info     ; Stuck at GND     ;
+-------------+-------+----------+------------------+


+---------------------------------------------------+
; Port Connectivity Checks: "move:utt|casilla:ca15" ;
+----------+-------+----------+---------------------+
; Port     ; Type  ; Severity ; Details             ;
+----------+-------+----------+---------------------+
; label[3] ; Input ; Info     ; Stuck at GND        ;
; label[2] ; Input ; Info     ; Stuck at VCC        ;
; label[1] ; Input ; Info     ; Stuck at GND        ;
; label[0] ; Input ; Info     ; Stuck at VCC        ;
+----------+-------+----------+---------------------+


+---------------------------------------------------+
; Port Connectivity Checks: "move:utt|casilla:ca14" ;
+-------------+-------+----------+------------------+
; Port        ; Type  ; Severity ; Details          ;
+-------------+-------+----------+------------------+
; label[3..1] ; Input ; Info     ; Stuck at GND     ;
; label[0]    ; Input ; Info     ; Stuck at VCC     ;
+-------------+-------+----------+------------------+


+---------------------------------------------------+
; Port Connectivity Checks: "move:utt|casilla:ca13" ;
+-------------+-------+----------+------------------+
; Port        ; Type  ; Severity ; Details          ;
+-------------+-------+----------+------------------+
; label[2..0] ; Input ; Info     ; Stuck at GND     ;
; label[3]    ; Input ; Info     ; Stuck at VCC     ;
+-------------+-------+----------+------------------+


+---------------------------------------------------+
; Port Connectivity Checks: "move:utt|casilla:ca12" ;
+-------------+-------+----------+------------------+
; Port        ; Type  ; Severity ; Details          ;
+-------------+-------+----------+------------------+
; label[1..0] ; Input ; Info     ; Stuck at GND     ;
; label[3]    ; Input ; Info     ; Stuck at GND     ;
; label[2]    ; Input ; Info     ; Stuck at VCC     ;
+-------------+-------+----------+------------------+


+---------------------------------------------------+
; Port Connectivity Checks: "move:utt|casilla:ca11" ;
+-------------+-------+----------+------------------+
; Port        ; Type  ; Severity ; Details          ;
+-------------+-------+----------+------------------+
; label[2..0] ; Input ; Info     ; Stuck at VCC     ;
; label[3]    ; Input ; Info     ; Stuck at GND     ;
+-------------+-------+----------+------------------+


+---------------------------------------------------+
; Port Connectivity Checks: "move:utt|casilla:ca10" ;
+-------------+-------+----------+------------------+
; Port        ; Type  ; Severity ; Details          ;
+-------------+-------+----------+------------------+
; label[1..0] ; Input ; Info     ; Stuck at VCC     ;
; label[3..2] ; Input ; Info     ; Stuck at GND     ;
+-------------+-------+----------+------------------+


+--------------------------------------------------+
; Port Connectivity Checks: "move:utt|casilla:ca9" ;
+-------------+-------+----------+-----------------+
; Port        ; Type  ; Severity ; Details         ;
+-------------+-------+----------+-----------------+
; label[2..1] ; Input ; Info     ; Stuck at VCC    ;
; label[3]    ; Input ; Info     ; Stuck at GND    ;
; label[0]    ; Input ; Info     ; Stuck at GND    ;
+-------------+-------+----------+-----------------+


+--------------------------------------------------+
; Port Connectivity Checks: "move:utt|casilla:ca8" ;
+-------------+-------+----------+-----------------+
; Port        ; Type  ; Severity ; Details         ;
+-------------+-------+----------+-----------------+
; label[2..0] ; Input ; Info     ; Stuck at GND    ;
; label[3]    ; Input ; Info     ; Stuck at VCC    ;
+-------------+-------+----------+-----------------+


+--------------------------------------------------+
; Port Connectivity Checks: "move:utt|casilla:ca7" ;
+-------------+-------+----------+-----------------+
; Port        ; Type  ; Severity ; Details         ;
+-------------+-------+----------+-----------------+
; label[2..0] ; Input ; Info     ; Stuck at VCC    ;
; label[3]    ; Input ; Info     ; Stuck at GND    ;
+-------------+-------+----------+-----------------+


+--------------------------------------------------+
; Port Connectivity Checks: "move:utt|casilla:ca6" ;
+-------------+-------+----------+-----------------+
; Port        ; Type  ; Severity ; Details         ;
+-------------+-------+----------+-----------------+
; label[2..1] ; Input ; Info     ; Stuck at VCC    ;
; label[3]    ; Input ; Info     ; Stuck at GND    ;
; label[0]    ; Input ; Info     ; Stuck at GND    ;
+-------------+-------+----------+-----------------+


+--------------------------------------------------+
; Port Connectivity Checks: "move:utt|casilla:ca5" ;
+----------+-------+----------+--------------------+
; Port     ; Type  ; Severity ; Details            ;
+----------+-------+----------+--------------------+
; label[3] ; Input ; Info     ; Stuck at GND       ;
; label[2] ; Input ; Info     ; Stuck at VCC       ;
; label[1] ; Input ; Info     ; Stuck at GND       ;
; label[0] ; Input ; Info     ; Stuck at VCC       ;
+----------+-------+----------+--------------------+


+--------------------------------------------------+
; Port Connectivity Checks: "move:utt|casilla:ca4" ;
+-------------+-------+----------+-----------------+
; Port        ; Type  ; Severity ; Details         ;
+-------------+-------+----------+-----------------+
; label[1..0] ; Input ; Info     ; Stuck at GND    ;
; label[3]    ; Input ; Info     ; Stuck at GND    ;
; label[2]    ; Input ; Info     ; Stuck at VCC    ;
+-------------+-------+----------+-----------------+


+--------------------------------------------------+
; Port Connectivity Checks: "move:utt|casilla:ca3" ;
+-------------+-------+----------+-----------------+
; Port        ; Type  ; Severity ; Details         ;
+-------------+-------+----------+-----------------+
; label[3..2] ; Input ; Info     ; Stuck at GND    ;
; label[1]    ; Input ; Info     ; Stuck at VCC    ;
; label[0]    ; Input ; Info     ; Stuck at GND    ;
+-------------+-------+----------+-----------------+


+--------------------------------------------------+
; Port Connectivity Checks: "move:utt|casilla:ca2" ;
+-------------+-------+----------+-----------------+
; Port        ; Type  ; Severity ; Details         ;
+-------------+-------+----------+-----------------+
; label[1..0] ; Input ; Info     ; Stuck at VCC    ;
; label[3..2] ; Input ; Info     ; Stuck at GND    ;
+-------------+-------+----------+-----------------+


+--------------------------------------------------+
; Port Connectivity Checks: "move:utt|casilla:ca1" ;
+-------------+-------+----------+-----------------+
; Port        ; Type  ; Severity ; Details         ;
+-------------+-------+----------+-----------------+
; label[3..1] ; Input ; Info     ; Stuck at GND    ;
; label[0]    ; Input ; Info     ; Stuck at VCC    ;
+-------------+-------+----------+-----------------+


+-------------------------------------------------------------------------------------------------------------------+
; Port Connectivity Checks: "move:utt"                                                                              ;
+---------+--------+----------+-------------------------------------------------------------------------------------+
; Port    ; Type   ; Severity ; Details                                                                             ;
+---------+--------+----------+-------------------------------------------------------------------------------------+
; c2      ; Output ; Info     ; Connected to dangling logic. Logic that only feeds a dangling port will be removed. ;
; c3      ; Output ; Info     ; Connected to dangling logic. Logic that only feeds a dangling port will be removed. ;
; c4      ; Output ; Info     ; Connected to dangling logic. Logic that only feeds a dangling port will be removed. ;
; c5      ; Output ; Info     ; Connected to dangling logic. Logic that only feeds a dangling port will be removed. ;
; c6      ; Output ; Info     ; Connected to dangling logic. Logic that only feeds a dangling port will be removed. ;
; c7      ; Output ; Info     ; Connected to dangling logic. Logic that only feeds a dangling port will be removed. ;
; c8      ; Output ; Info     ; Connected to dangling logic. Logic that only feeds a dangling port will be removed. ;
; c9      ; Output ; Info     ; Connected to dangling logic. Logic that only feeds a dangling port will be removed. ;
; c10     ; Output ; Info     ; Connected to dangling logic. Logic that only feeds a dangling port will be removed. ;
; c11     ; Output ; Info     ; Connected to dangling logic. Logic that only feeds a dangling port will be removed. ;
; c12     ; Output ; Info     ; Connected to dangling logic. Logic that only feeds a dangling port will be removed. ;
; c13     ; Output ; Info     ; Connected to dangling logic. Logic that only feeds a dangling port will be removed. ;
; c14     ; Output ; Info     ; Connected to dangling logic. Logic that only feeds a dangling port will be removed. ;
; c15     ; Output ; Info     ; Connected to dangling logic. Logic that only feeds a dangling port will be removed. ;
; c16     ; Output ; Info     ; Connected to dangling logic. Logic that only feeds a dangling port will be removed. ;
; counter ; Output ; Info     ; Connected to dangling logic. Logic that only feeds a dangling port will be removed. ;
; player  ; Output ; Info     ; Connected to dangling logic. Logic that only feeds a dangling port will be removed. ;
; state   ; Output ; Info     ; Connected to dangling logic. Logic that only feeds a dangling port will be removed. ;
+---------+--------+----------+-------------------------------------------------------------------------------------+


+-----------------------------------------------------------------------------------------------------------------------------------------+
; Port Connectivity Checks: "debounce:d_accpt"                                                                                            ;
+----------+--------+----------+----------------------------------------------------------------------------------------------------------+
; Port     ; Type   ; Severity ; Details                                                                                                  ;
+----------+--------+----------+----------------------------------------------------------------------------------------------------------+
; PB_state ; Output ; Info     ; Connected to dangling logic. Logic that only feeds a dangling port will be removed.                      ;
; PB_down  ; Output ; Warning  ; Declared by entity but not connected by instance. Logic that only feeds a dangling port will be removed. ;
; PB_up    ; Output ; Warning  ; Declared by entity but not connected by instance. Logic that only feeds a dangling port will be removed. ;
+----------+--------+----------+----------------------------------------------------------------------------------------------------------+


+-----------------------------------------------------------------------------------------------------------------------------------------+
; Port Connectivity Checks: "debounce:d_move"                                                                                             ;
+----------+--------+----------+----------------------------------------------------------------------------------------------------------+
; Port     ; Type   ; Severity ; Details                                                                                                  ;
+----------+--------+----------+----------------------------------------------------------------------------------------------------------+
; PB_state ; Output ; Info     ; Connected to dangling logic. Logic that only feeds a dangling port will be removed.                      ;
; PB_down  ; Output ; Warning  ; Declared by entity but not connected by instance. Logic that only feeds a dangling port will be removed. ;
; PB_up    ; Output ; Warning  ; Declared by entity but not connected by instance. Logic that only feeds a dangling port will be removed. ;
+----------+--------+----------+----------------------------------------------------------------------------------------------------------+


+-----------------------------------------------------+
; Post-Synthesis Netlist Statistics for Top Partition ;
+-----------------------+-----------------------------+
; Type                  ; Count                       ;
+-----------------------+-----------------------------+
; arriav_ff             ; 104                         ;
;     CLR               ; 37                          ;
;     ENA               ; 6                           ;
;     ENA CLR           ; 16                          ;
;     ENA CLR SCLR      ; 16                          ;
;     SCLR              ; 28                          ;
;     plain             ; 1                           ;
; arriav_lcell_comb     ; 245                         ;
;     arith             ; 67                          ;
;         1 data inputs ; 56                          ;
;         2 data inputs ; 11                          ;
;     normal            ; 178                         ;
;         0 data inputs ; 1                           ;
;         1 data inputs ; 5                           ;
;         2 data inputs ; 11                          ;
;         3 data inputs ; 28                          ;
;         4 data inputs ; 23                          ;
;         5 data inputs ; 55                          ;
;         6 data inputs ; 55                          ;
; boundary_port         ; 45                          ;
;                       ;                             ;
; Max LUT depth         ; 6.00                        ;
; Average LUT depth     ; 3.53                        ;
+-----------------------+-----------------------------+


+-------------------------------+
; Elapsed Time Per Partition    ;
+----------------+--------------+
; Partition Name ; Elapsed Time ;
+----------------+--------------+
; Top            ; 00:00:00     ;
+----------------+--------------+


+-------------------------------+
; Analysis & Synthesis Messages ;
+-------------------------------+
Info: *******************************************************************
Info: Running Quartus Prime Analysis & Synthesis
    Info: Version 21.1.0 Build 842 10/21/2021 SJ Lite Edition
    Info: Processing started: Tue May  3 17:10:24 2022
Info: Command: quartus_map --read_settings_files=on --write_settings_files=off Experimento -c Experimento
Warning (18236): Number of processors has not been specified which may cause overloading on shared machines.  Set the global assignment NUM_PARALLEL_PROCESSORS in your QSF to an appropriate value for best performance.
Info (20030): Parallel compilation is enabled and will use 2 of the 2 processors detected
Info (12021): Found 1 design units, including 1 entities, in source file memorygame.sv
    Info (12023): Found entity 1: MemoryGame File: C:/Users/MartinPC/Documents/Semestre 1 - 2022/Taller/LAB 4/LABORATORIO-4-DD/MemoryGame.sv Line: 1
Info (12021): Found 1 design units, including 1 entities, in source file sync.sv
    Info (12023): Found entity 1: SYNC File: C:/Users/MartinPC/Documents/Semestre 1 - 2022/Taller/LAB 4/LABORATORIO-4-DD/SYNC.sv Line: 13
Info (12021): Found 1 design units, including 1 entities, in source file dividerclock.sv
    Info (12023): Found entity 1: dividerClock File: C:/Users/MartinPC/Documents/Semestre 1 - 2022/Taller/LAB 4/LABORATORIO-4-DD/dividerClock.sv Line: 1
Info (12021): Found 1 design units, including 1 entities, in source file vga.sv
    Info (12023): Found entity 1: VGA File: C:/Users/MartinPC/Documents/Semestre 1 - 2022/Taller/LAB 4/LABORATORIO-4-DD/VGA.sv Line: 1
Info (12021): Found 1 design units, including 1 entities, in source file vgatest.sv
    Info (12023): Found entity 1: VGAtest File: C:/Users/MartinPC/Documents/Semestre 1 - 2022/Taller/LAB 4/LABORATORIO-4-DD/VGAtest.sv Line: 1
Info (12021): Found 1 design units, including 1 entities, in source file casilla.sv
    Info (12023): Found entity 1: casilla File: C:/Users/MartinPC/Documents/Semestre 1 - 2022/Taller/LAB 4/LABORATORIO-4-DD/casilla.sv Line: 1
Info (12021): Found 1 design units, including 1 entities, in source file casillatest.sv
    Info (12023): Found entity 1: casillaTest File: C:/Users/MartinPC/Documents/Semestre 1 - 2022/Taller/LAB 4/LABORATORIO-4-DD/casillaTest.sv Line: 1
Info (12021): Found 1 design units, including 1 entities, in source file move.sv
    Info (12023): Found entity 1: move File: C:/Users/MartinPC/Documents/Semestre 1 - 2022/Taller/LAB 4/LABORATORIO-4-DD/move.sv Line: 1
Info (12021): Found 1 design units, including 1 entities, in source file movetest.sv
    Info (12023): Found entity 1: moveTest File: C:/Users/MartinPC/Documents/Semestre 1 - 2022/Taller/LAB 4/LABORATORIO-4-DD/moveTest.sv Line: 2
Info (12021): Found 1 design units, including 1 entities, in source file memorygametest.sv
    Info (12023): Found entity 1: memoryGameTest File: C:/Users/MartinPC/Documents/Semestre 1 - 2022/Taller/LAB 4/LABORATORIO-4-DD/memoryGameTest.sv Line: 1
Info (12021): Found 1 design units, including 1 entities, in source file memturn.sv
    Info (12023): Found entity 1: memTurn File: C:/Users/MartinPC/Documents/Semestre 1 - 2022/Taller/LAB 4/LABORATORIO-4-DD/memTurn.sv Line: 1
Info (12021): Found 1 design units, including 1 entities, in source file turntest.sv
    Info (12023): Found entity 1: turnTest File: C:/Users/MartinPC/Documents/Semestre 1 - 2022/Taller/LAB 4/LABORATORIO-4-DD/turnTest.sv Line: 1
Info (12021): Found 1 design units, including 1 entities, in source file emptyc.sv
    Info (12023): Found entity 1: emptyC File: C:/Users/MartinPC/Documents/Semestre 1 - 2022/Taller/LAB 4/LABORATORIO-4-DD/emptyC.sv Line: 1
Info (12021): Found 1 design units, including 1 entities, in source file statemux.sv
    Info (12023): Found entity 1: stateMux File: C:/Users/MartinPC/Documents/Semestre 1 - 2022/Taller/LAB 4/LABORATORIO-4-DD/stateMux.sv Line: 1
Warning (10261): Verilog HDL Event Control warning at backToWhite.sv(20): Event Control contains a complex event expression File: C:/Users/MartinPC/Documents/Semestre 1 - 2022/Taller/LAB 4/LABORATORIO-4-DD/backToWhite.sv Line: 20
Info (12021): Found 1 design units, including 1 entities, in source file backtowhite.sv
    Info (12023): Found entity 1: backToWhite File: C:/Users/MartinPC/Documents/Semestre 1 - 2022/Taller/LAB 4/LABORATORIO-4-DD/backToWhite.sv Line: 1
Info (12021): Found 1 design units, including 1 entities, in source file backtowhitetest.sv
    Info (12023): Found entity 1: backToWhiteTest File: C:/Users/MartinPC/Documents/Semestre 1 - 2022/Taller/LAB 4/LABORATORIO-4-DD/backToWhiteTest.sv Line: 1
Info (12021): Found 1 design units, including 1 entities, in source file main.sv
    Info (12023): Found entity 1: main File: C:/Users/MartinPC/Documents/Semestre 1 - 2022/Taller/LAB 4/LABORATORIO-4-DD/main.sv Line: 1
Info (12021): Found 1 design units, including 1 entities, in source file deco1a7.sv
    Info (12023): Found entity 1: deco1a7 File: C:/Users/MartinPC/Documents/Semestre 1 - 2022/Taller/LAB 4/LABORATORIO-4-DD/deco1a7.sv Line: 1
Info (12021): Found 1 design units, including 1 entities, in source file debounce.sv
    Info (12023): Found entity 1: debounce File: C:/Users/MartinPC/Documents/Semestre 1 - 2022/Taller/LAB 4/LABORATORIO-4-DD/debounce.sv Line: 6
Info (12021): Found 1 design units, including 1 entities, in source file deco.sv
    Info (12023): Found entity 1: deco File: C:/Users/MartinPC/Documents/Semestre 1 - 2022/Taller/LAB 4/LABORATORIO-4-DD/deco.sv Line: 1
Info (12021): Found 1 design units, including 1 entities, in source file machine.sv
    Info (12023): Found entity 1: machine File: C:/Users/MartinPC/Documents/Semestre 1 - 2022/Taller/LAB 4/LABORATORIO-4-DD/machine.sv Line: 1
Info (12021): Found 1 design units, including 1 entities, in source file debouncetest.sv
    Info (12023): Found entity 1: debounceTest File: C:/Users/MartinPC/Documents/Semestre 1 - 2022/Taller/LAB 4/LABORATORIO-4-DD/debounceTest.sv Line: 3
Warning (10236): Verilog HDL Implicit Net warning at VGA.sv(28): created implicit net for "sync" File: C:/Users/MartinPC/Documents/Semestre 1 - 2022/Taller/LAB 4/LABORATORIO-4-DD/VGA.sv Line: 28
Warning (10236): Verilog HDL Implicit Net warning at VGA.sv(32): created implicit net for "clk2" File: C:/Users/MartinPC/Documents/Semestre 1 - 2022/Taller/LAB 4/LABORATORIO-4-DD/VGA.sv Line: 32
Info (12127): Elaborating entity "main" for the top level hierarchy
Warning (10034): Output port "R" at main.sv(6) has no driver File: C:/Users/MartinPC/Documents/Semestre 1 - 2022/Taller/LAB 4/LABORATORIO-4-DD/main.sv Line: 6
Warning (10034): Output port "G" at main.sv(7) has no driver File: C:/Users/MartinPC/Documents/Semestre 1 - 2022/Taller/LAB 4/LABORATORIO-4-DD/main.sv Line: 7
Warning (10034): Output port "B" at main.sv(8) has no driver File: C:/Users/MartinPC/Documents/Semestre 1 - 2022/Taller/LAB 4/LABORATORIO-4-DD/main.sv Line: 8
Warning (10034): Output port "hsync" at main.sv(9) has no driver File: C:/Users/MartinPC/Documents/Semestre 1 - 2022/Taller/LAB 4/LABORATORIO-4-DD/main.sv Line: 9
Warning (10034): Output port "vsync" at main.sv(10) has no driver File: C:/Users/MartinPC/Documents/Semestre 1 - 2022/Taller/LAB 4/LABORATORIO-4-DD/main.sv Line: 10
Warning (10034): Output port "vgaclk" at main.sv(11) has no driver File: C:/Users/MartinPC/Documents/Semestre 1 - 2022/Taller/LAB 4/LABORATORIO-4-DD/main.sv Line: 11
Info (12128): Elaborating entity "debounce" for hierarchy "debounce:d_move" File: C:/Users/MartinPC/Documents/Semestre 1 - 2022/Taller/LAB 4/LABORATORIO-4-DD/main.sv Line: 45
Info (12128): Elaborating entity "dividerClock" for hierarchy "dividerClock:cmh" File: C:/Users/MartinPC/Documents/Semestre 1 - 2022/Taller/LAB 4/LABORATORIO-4-DD/main.sv Line: 52
Info (12128): Elaborating entity "machine" for hierarchy "machine:prueba" File: C:/Users/MartinPC/Documents/Semestre 1 - 2022/Taller/LAB 4/LABORATORIO-4-DD/main.sv Line: 56
Info (12128): Elaborating entity "move" for hierarchy "move:utt" File: C:/Users/MartinPC/Documents/Semestre 1 - 2022/Taller/LAB 4/LABORATORIO-4-DD/main.sv Line: 83
Warning (10036): Verilog HDL or VHDL warning at move.sv(47): object "counterJ1" assigned a value but never read File: C:/Users/MartinPC/Documents/Semestre 1 - 2022/Taller/LAB 4/LABORATORIO-4-DD/move.sv Line: 47
Warning (10036): Verilog HDL or VHDL warning at move.sv(48): object "counterJ2" assigned a value but never read File: C:/Users/MartinPC/Documents/Semestre 1 - 2022/Taller/LAB 4/LABORATORIO-4-DD/move.sv Line: 48
Warning (10230): Verilog HDL assignment warning at move.sv(158): truncated value with size 32 to match size of target (8) File: C:/Users/MartinPC/Documents/Semestre 1 - 2022/Taller/LAB 4/LABORATORIO-4-DD/move.sv Line: 158
Info (12128): Elaborating entity "MemoryGame" for hierarchy "move:utt|MemoryGame:game" File: C:/Users/MartinPC/Documents/Semestre 1 - 2022/Taller/LAB 4/LABORATORIO-4-DD/move.sv Line: 77
Info (12128): Elaborating entity "casilla" for hierarchy "move:utt|casilla:ca1" File: C:/Users/MartinPC/Documents/Semestre 1 - 2022/Taller/LAB 4/LABORATORIO-4-DD/move.sv Line: 83
Info (12128): Elaborating entity "emptyC" for hierarchy "move:utt|emptyC:eC" File: C:/Users/MartinPC/Documents/Semestre 1 - 2022/Taller/LAB 4/LABORATORIO-4-DD/move.sv Line: 135
Info (12128): Elaborating entity "memTurn" for hierarchy "move:utt|memTurn:mt" File: C:/Users/MartinPC/Documents/Semestre 1 - 2022/Taller/LAB 4/LABORATORIO-4-DD/move.sv Line: 138
Warning (10036): Verilog HDL or VHDL warning at memTurn.sv(8): object "flag" assigned a value but never read File: C:/Users/MartinPC/Documents/Semestre 1 - 2022/Taller/LAB 4/LABORATORIO-4-DD/memTurn.sv Line: 8
Warning (10230): Verilog HDL assignment warning at memTurn.sv(26): truncated value with size 32 to match size of target (2) File: C:/Users/MartinPC/Documents/Semestre 1 - 2022/Taller/LAB 4/LABORATORIO-4-DD/memTurn.sv Line: 26
Warning (10230): Verilog HDL assignment warning at memTurn.sv(27): truncated value with size 32 to match size of target (2) File: C:/Users/MartinPC/Documents/Semestre 1 - 2022/Taller/LAB 4/LABORATORIO-4-DD/memTurn.sv Line: 27
Warning (10230): Verilog HDL assignment warning at memTurn.sv(42): truncated value with size 32 to match size of target (8) File: C:/Users/MartinPC/Documents/Semestre 1 - 2022/Taller/LAB 4/LABORATORIO-4-DD/memTurn.sv Line: 42
Warning (10230): Verilog HDL assignment warning at memTurn.sv(43): truncated value with size 32 to match size of target (8) File: C:/Users/MartinPC/Documents/Semestre 1 - 2022/Taller/LAB 4/LABORATORIO-4-DD/memTurn.sv Line: 43
Warning (10230): Verilog HDL assignment warning at memTurn.sv(52): truncated value with size 32 to match size of target (8) File: C:/Users/MartinPC/Documents/Semestre 1 - 2022/Taller/LAB 4/LABORATORIO-4-DD/memTurn.sv Line: 52
Info (12128): Elaborating entity "stateMux" for hierarchy "move:utt|stateMux:st" File: C:/Users/MartinPC/Documents/Semestre 1 - 2022/Taller/LAB 4/LABORATORIO-4-DD/move.sv Line: 143
Info (12128): Elaborating entity "backToWhite" for hierarchy "move:utt|backToWhite:b2w" File: C:/Users/MartinPC/Documents/Semestre 1 - 2022/Taller/LAB 4/LABORATORIO-4-DD/move.sv Line: 149
Info (12128): Elaborating entity "deco1a7" for hierarchy "deco1a7:d1" File: C:/Users/MartinPC/Documents/Semestre 1 - 2022/Taller/LAB 4/LABORATORIO-4-DD/main.sv Line: 86
Info (12128): Elaborating entity "deco" for hierarchy "deco:d2" File: C:/Users/MartinPC/Documents/Semestre 1 - 2022/Taller/LAB 4/LABORATORIO-4-DD/main.sv Line: 87
Warning (12241): 3 hierarchies have connectivity warnings - see the Connectivity Checks report folder
Warning (13024): Output pins are stuck at VCC or GND
    Warning (13410): Pin "R[0]" is stuck at GND File: C:/Users/MartinPC/Documents/Semestre 1 - 2022/Taller/LAB 4/LABORATORIO-4-DD/main.sv Line: 6
    Warning (13410): Pin "R[1]" is stuck at GND File: C:/Users/MartinPC/Documents/Semestre 1 - 2022/Taller/LAB 4/LABORATORIO-4-DD/main.sv Line: 6
    Warning (13410): Pin "R[2]" is stuck at GND File: C:/Users/MartinPC/Documents/Semestre 1 - 2022/Taller/LAB 4/LABORATORIO-4-DD/main.sv Line: 6
    Warning (13410): Pin "R[3]" is stuck at GND File: C:/Users/MartinPC/Documents/Semestre 1 - 2022/Taller/LAB 4/LABORATORIO-4-DD/main.sv Line: 6
    Warning (13410): Pin "R[4]" is stuck at GND File: C:/Users/MartinPC/Documents/Semestre 1 - 2022/Taller/LAB 4/LABORATORIO-4-DD/main.sv Line: 6
    Warning (13410): Pin "R[5]" is stuck at GND File: C:/Users/MartinPC/Documents/Semestre 1 - 2022/Taller/LAB 4/LABORATORIO-4-DD/main.sv Line: 6
    Warning (13410): Pin "R[6]" is stuck at GND File: C:/Users/MartinPC/Documents/Semestre 1 - 2022/Taller/LAB 4/LABORATORIO-4-DD/main.sv Line: 6
    Warning (13410): Pin "R[7]" is stuck at GND File: C:/Users/MartinPC/Documents/Semestre 1 - 2022/Taller/LAB 4/LABORATORIO-4-DD/main.sv Line: 6
    Warning (13410): Pin "G[0]" is stuck at GND File: C:/Users/MartinPC/Documents/Semestre 1 - 2022/Taller/LAB 4/LABORATORIO-4-DD/main.sv Line: 7
    Warning (13410): Pin "G[1]" is stuck at GND File: C:/Users/MartinPC/Documents/Semestre 1 - 2022/Taller/LAB 4/LABORATORIO-4-DD/main.sv Line: 7
    Warning (13410): Pin "G[2]" is stuck at GND File: C:/Users/MartinPC/Documents/Semestre 1 - 2022/Taller/LAB 4/LABORATORIO-4-DD/main.sv Line: 7
    Warning (13410): Pin "G[3]" is stuck at GND File: C:/Users/MartinPC/Documents/Semestre 1 - 2022/Taller/LAB 4/LABORATORIO-4-DD/main.sv Line: 7
    Warning (13410): Pin "G[4]" is stuck at GND File: C:/Users/MartinPC/Documents/Semestre 1 - 2022/Taller/LAB 4/LABORATORIO-4-DD/main.sv Line: 7
    Warning (13410): Pin "G[5]" is stuck at GND File: C:/Users/MartinPC/Documents/Semestre 1 - 2022/Taller/LAB 4/LABORATORIO-4-DD/main.sv Line: 7
    Warning (13410): Pin "G[6]" is stuck at GND File: C:/Users/MartinPC/Documents/Semestre 1 - 2022/Taller/LAB 4/LABORATORIO-4-DD/main.sv Line: 7
    Warning (13410): Pin "G[7]" is stuck at GND File: C:/Users/MartinPC/Documents/Semestre 1 - 2022/Taller/LAB 4/LABORATORIO-4-DD/main.sv Line: 7
    Warning (13410): Pin "B[0]" is stuck at GND File: C:/Users/MartinPC/Documents/Semestre 1 - 2022/Taller/LAB 4/LABORATORIO-4-DD/main.sv Line: 8
    Warning (13410): Pin "B[1]" is stuck at GND File: C:/Users/MartinPC/Documents/Semestre 1 - 2022/Taller/LAB 4/LABORATORIO-4-DD/main.sv Line: 8
    Warning (13410): Pin "B[2]" is stuck at GND File: C:/Users/MartinPC/Documents/Semestre 1 - 2022/Taller/LAB 4/LABORATORIO-4-DD/main.sv Line: 8
    Warning (13410): Pin "B[3]" is stuck at GND File: C:/Users/MartinPC/Documents/Semestre 1 - 2022/Taller/LAB 4/LABORATORIO-4-DD/main.sv Line: 8
    Warning (13410): Pin "B[4]" is stuck at GND File: C:/Users/MartinPC/Documents/Semestre 1 - 2022/Taller/LAB 4/LABORATORIO-4-DD/main.sv Line: 8
    Warning (13410): Pin "B[5]" is stuck at GND File: C:/Users/MartinPC/Documents/Semestre 1 - 2022/Taller/LAB 4/LABORATORIO-4-DD/main.sv Line: 8
    Warning (13410): Pin "B[6]" is stuck at GND File: C:/Users/MartinPC/Documents/Semestre 1 - 2022/Taller/LAB 4/LABORATORIO-4-DD/main.sv Line: 8
    Warning (13410): Pin "B[7]" is stuck at GND File: C:/Users/MartinPC/Documents/Semestre 1 - 2022/Taller/LAB 4/LABORATORIO-4-DD/main.sv Line: 8
    Warning (13410): Pin "hsync" is stuck at GND File: C:/Users/MartinPC/Documents/Semestre 1 - 2022/Taller/LAB 4/LABORATORIO-4-DD/main.sv Line: 9
    Warning (13410): Pin "vsync" is stuck at GND File: C:/Users/MartinPC/Documents/Semestre 1 - 2022/Taller/LAB 4/LABORATORIO-4-DD/main.sv Line: 10
    Warning (13410): Pin "vgaclk" is stuck at GND File: C:/Users/MartinPC/Documents/Semestre 1 - 2022/Taller/LAB 4/LABORATORIO-4-DD/main.sv Line: 11
    Warning (13410): Pin "player1[2]" is stuck at GND File: C:/Users/MartinPC/Documents/Semestre 1 - 2022/Taller/LAB 4/LABORATORIO-4-DD/main.sv Line: 12
    Warning (13410): Pin "player2[1]" is stuck at GND File: C:/Users/MartinPC/Documents/Semestre 1 - 2022/Taller/LAB 4/LABORATORIO-4-DD/main.sv Line: 14
Info (286030): Timing-Driven Synthesis is running
Info (17049): 22 registers lost all their fanouts during netlist optimizations.
Info (144001): Generated suppressed messages file C:/Users/MartinPC/Documents/Semestre 1 - 2022/Taller/LAB 4/LABORATORIO-4-DD/output_files/Experimento.map.smsg
Info (16010): Generating hard_block partition "hard_block:auto_generated_inst"
    Info (16011): Adding 0 node(s), including 0 DDIO, 0 PLL, 0 transceiver and 0 LCELL
Info (21057): Implemented 301 device resources after synthesis - the final resource count might be different
    Info (21058): Implemented 4 input pins
    Info (21059): Implemented 41 output pins
    Info (21061): Implemented 256 logic cells
Info: Quartus Prime Analysis & Synthesis was successful. 0 errors, 50 warnings
    Info: Peak virtual memory: 4839 megabytes
    Info: Processing ended: Tue May  3 17:10:37 2022
    Info: Elapsed time: 00:00:13
    Info: Total CPU time (on all processors): 00:00:27


+------------------------------------------+
; Analysis & Synthesis Suppressed Messages ;
+------------------------------------------+
The suppressed messages can be found in C:/Users/MartinPC/Documents/Semestre 1 - 2022/Taller/LAB 4/LABORATORIO-4-DD/output_files/Experimento.map.smsg.


