------------------------------------------------------------
Timing Analyzer Summary
------------------------------------------------------------

Type  : Slow 1100mV 85C Model Setup 'clk'
Slack : -5.189
TNS   : -250.259

Type  : Slow 1100mV 85C Model Setup 'move'
Slack : -1.811
TNS   : -14.468

Type  : Slow 1100mV 85C Model Hold 'move'
Slack : 0.667
TNS   : 0.000

Type  : Slow 1100mV 85C Model Hold 'clk'
Slack : 0.671
TNS   : 0.000

Type  : Slow 1100mV 85C Model Minimum Pulse Width 'clk'
Slack : -0.394
TNS   : -39.616

Type  : Slow 1100mV 85C Model Minimum Pulse Width 'move'
Slack : -0.394
TNS   : -4.284

Type  : Slow 1100mV 0C Model Setup 'clk'
Slack : -5.103
TNS   : -247.770

Type  : Slow 1100mV 0C Model Setup 'move'
Slack : -1.803
TNS   : -14.404

Type  : Slow 1100mV 0C Model Hold 'move'
Slack : 0.594
TNS   : 0.000

Type  : Slow 1100mV 0C Model Hold 'clk'
Slack : 0.712
TNS   : 0.000

Type  : Slow 1100mV 0C Model Minimum Pulse Width 'clk'
Slack : -0.394
TNS   : -42.755

Type  : Slow 1100mV 0C Model Minimum Pulse Width 'move'
Slack : -0.394
TNS   : -4.596

Type  : Fast 1100mV 85C Model Setup 'clk'
Slack : -2.462
TNS   : -112.443

Type  : Fast 1100mV 85C Model Setup 'move'
Slack : -0.552
TNS   : -4.408

Type  : Fast 1100mV 85C Model Hold 'move'
Slack : 0.254
TNS   : 0.000

Type  : Fast 1100mV 85C Model Hold 'clk'
Slack : 0.299
TNS   : 0.000

Type  : Fast 1100mV 85C Model Minimum Pulse Width 'clk'
Slack : -0.092
TNS   : -6.404

Type  : Fast 1100mV 85C Model Minimum Pulse Width 'move'
Slack : -0.088
TNS   : -0.696

Type  : Fast 1100mV 0C Model Setup 'clk'
Slack : -2.206
TNS   : -100.005

Type  : Fast 1100mV 0C Model Setup 'move'
Slack : -0.456
TNS   : -3.640

Type  : Fast 1100mV 0C Model Hold 'move'
Slack : 0.172
TNS   : 0.000

Type  : Fast 1100mV 0C Model Hold 'clk'
Slack : 0.293
TNS   : 0.000

Type  : Fast 1100mV 0C Model Minimum Pulse Width 'clk'
Slack : -0.089
TNS   : -6.374

Type  : Fast 1100mV 0C Model Minimum Pulse Width 'move'
Slack : -0.086
TNS   : -0.676

------------------------------------------------------------
